......................ss........s.............ssss............ss.s...... [ 52%]
.....................ssss.......................................         [100%]
122 passed, 17 skipped in 0.66s
